// Jest Snapshot v1, https://goo.gl/fbAQLP

exports[`CardCarousel should match the snapshot 1`] = `undefined`;
