// Jest Snapshot v1, https://goo.gl/fbAQLP

exports[`ErrorMessage should match the snapshot 1`] = `
<div
  className="ErrorMessage"
>
  <h2>
    error
  </h2>
  <p>
    sorry! there was an error. please try again.
  </p>
  <Link
    replace={false}
    to="/"
  >
    go back
  </Link>
</div>
`;
