// Jest Snapshot v1, https://goo.gl/fbAQLP

exports[`Card should match the snapshot 1`] = `
<div
  className="Card"
>
  <Link
    className="card-link"
    replace={false}
    to="/amiibo/undefined"
  >
    <h3
      className="preview-name"
    />
    <img
      alt="undefined amiibo"
      className="preview-image"
    />
  </Link>
</div>
`;
